# AUTO-SEEDED by smoke.py --seed-expected. Review and trim:
#   - csv mode emits a header line per SELECT; keep or drop as you like
#   - replace nondeterministic lines (timestamps, rng) with ~~
#   - replace order-sensitive lines with ? if any-non-empty is OK
#   - delete this banner once you've reviewed each line
h256
f7bc83f430538424b13298e6aa6fb143ef4d59a14946175997479dbc2d1a3cd8
h512_len
1e4b55b925ccc28ed90d9d18fc2393fcbe164c0d84e67e173cc5aa486b7afc106633c66bdc309076f5f8d9fdbbb62456f894f2c23377fbcc12f4ab2940eb6d70
h512_hexlen
128
null_key
NULL
