# statsduck expected output: hypothesis-test statistics/p-values and
# distribution CDFs, rounded to 4 dp and matched against scipy/R references.
t1_t
1.4142
t1_p
0.2302
t2_t
-1.8974
t2_p
0.1075
tp_t
-6
tp_p
0.0039
pe_r
0.7746
pe_p
0.124
sp_rho
0.8208
an_f
27
an_p
0.001
gof_x
2
gof_p
0.8491
in_x
0.7937
in_p
0.373
mwu
0
jb_p
0.8465
ks_d
1
adj0
0.05
tcdf
0.5
ccdf
0.5
fcdf
0.5
gcdf
0.6321
wcdf
0.6321
lcdf
0.5
nullin
NULL
badjson
NULL
toofew
NULL
