# AUTO-SEEDED by smoke.py --seed-expected. Review and trim:
#   - csv mode emits a header line per SELECT; keep or drop as you like
#   - replace nondeterministic lines (timestamps, rng) with ~~
#   - replace order-sensitive lines with ? if any-non-empty is OK
#   - delete this banner once you've reviewed each line
lt
-1
gt
1
eq
0
gt2
1
