# AUTO-SEEDED by smoke.py --seed-expected. Review and trim:
#   - csv mode emits a header line per SELECT; keep or drop as you like
#   - replace nondeterministic lines (timestamps, rng) with ~~
#   - replace order-sensitive lines with ? if any-non-empty is OK
#   - delete this banner once you've reviewed each line
to13
9780306406157
to10
0306406152
not_978
NULL
bad
NULL
