# Expected output for extensions/baseN-component/smoke.sql (reviewed).
# `.mode csv` emits a header line (the AS alias) then the value, per SELECT.
# BLOB values render in DuckDB's text form: printable bytes literally, others as
# \xNN. Invalid decode input returns SQL NULL (renders as NULL), not an error.
b32enc
JBSWY3DP
b32dec
Hello
b58enc
12VfUX
b58dec
\x00\x01\x02\x03\x04
b58bad
NULL
